0,8073;0,8687;0,9107;0,928;0,9403;0,9561;0,9649;0,9703;0,9741;0,9764;0,9777;0,9803;0,9838;0,9855;0,9873;0,9883;0,9894;0,9905;0,9912;0,9913;0,9921;0,9929;0,9934;0,9936;0,9939;0,994;0,9943;0,9945;0,9946;0,9946;0,9949;0,9961;0,9962;0,9963;0,9968;0,9968;0,9967;0,9968;0,9984;0,999;0,9991;0,9993;0,9994;0,9995;0,9996;0,9997;0,9998;0,9999;0,9999;1